# sub dalicon(dalicon_input,T,/share/home/yumeixia/software/DaliLite.v5/bin/serialcompare,../DAT/,../DAT/,0)
# /share/home/yumeixia/software/DaliLite.v5/bin/serialcompare ../DAT/ ../DAT/ DALICON T < dalicon_input > /dev/null
# cat fort.1[0-9][0-9] > dp_input ; rm fort.* ; /share/home/yumeixia/software/DaliLite.v5/bin/serialcompare ../DAT/ ../DAT/ DP < dp_input > /dev/null
# cd1=5oheA zself=30.8 zcutoff=5.54977477020464
Initial 5oheA zcutoff is 5.54977477020464
# sub wolf(WOLF,/share/home/yumeixia/software/DaliLite.v5/bin/serialcompare,../DAT/,../DAT/,0)
wolf: /share/home/yumeixia/software/DaliLite.v5/bin/serialcompare ../DAT/ ../DAT/ WOLF > /dev/null ; cat fort.1[0-9][0-9] > wolf_output ; rm fort.1[0-9][0-9] ; /share/home/yumeixia/software/DaliLite.v5/bin/serialcompare ../DAT/ ../DAT/ DP < wolf_output > /dev/null ; cat fort.1[0-9][0-9] | perl /share/home/yumeixia/software/DaliLite.v5/bin/dccp2dalicon.pl > dalicon_input ; rm -f fort.1[0-9][0-9] 
# sub dalicon(dalicon_input,T,/share/home/yumeixia/software/DaliLite.v5/bin/serialcompare,../DAT/,../DAT/,0)
# /share/home/yumeixia/software/DaliLite.v5/bin/serialcompare ../DAT/ ../DAT/ DALICON T < dalicon_input > /dev/null
# cat fort.1[0-9][0-9] > dp_input ; rm fort.* ; /share/home/yumeixia/software/DaliLite.v5/bin/serialcompare ../DAT/ ../DAT/ DP < dp_input > /dev/null
echo 5oheA > list1 ; cp ../matrix_example.list list2
rm -f fort.* ; /share/home/yumeixia/software/DaliLite.v5/bin/serialcompare ../DAT/ ../DAT/ PARSI > /dev/null
cat fort.1[0-9][0-9] > filter_input ; rm -f fort.*; /share/home/yumeixia/software/DaliLite.v5/bin/serialcompare ../DAT/ ../DAT/ FILTER95 < filter_input 
sort -nr fort.1[0-9][0-9] | uniq | perl /share/home/yumeixia/software/DaliLite.v5/bin/pipe96-free.pl 1.0 2 > dalicon_input ; rm -f fort.* 
# sub dalicon(dalicon_input,T,/share/home/yumeixia/software/DaliLite.v5/bin/serialcompare,../DAT/,../DAT/,0)
# /share/home/yumeixia/software/DaliLite.v5/bin/serialcompare ../DAT/ ../DAT/ DALICON T < dalicon_input > /dev/null
# cat fort.1[0-9][0-9] > dp_input ; rm fort.* ; /share/home/yumeixia/software/DaliLite.v5/bin/serialcompare ../DAT/ ../DAT/ DP < dp_input > /dev/null
rm -f fort.* ; /share/home/yumeixia/software/DaliLite.v5/bin/serialcompare ../DAT/ ../DAT/ PARSI > /dev/null
cat fort.1[0-9][0-9] > filter_input ; rm -f fort.*; /share/home/yumeixia/software/DaliLite.v5/bin/serialcompare ../DAT/ ../DAT/ FILTER95 < filter_input 
sort -nr fort.1[0-9][0-9] | uniq | perl /share/home/yumeixia/software/DaliLite.v5/bin/pipe96-free.pl 1.0 2 > dalicon_input ; rm -f fort.* 
# sub dalicon(dalicon_input,T,/share/home/yumeixia/software/DaliLite.v5/bin/serialcompare,../DAT/,../DAT/,2)
# /share/home/yumeixia/software/DaliLite.v5/bin/serialcompare ../DAT/ ../DAT/ DALICON T < dalicon_input > /dev/null
# cat fort.1[0-9][0-9] > dp_input ; rm fort.* ; /share/home/yumeixia/software/DaliLite.v5/bin/serialcompare ../DAT/ ../DAT/ DP < dp_input > /dev/null
sh: /usr/local/bin/blastp: No such file or directory
# got 0 / 0 hits from pdb-BLAST
# sub wolf(WOLF,/share/home/yumeixia/software/DaliLite.v5/bin/serialcompare,../DAT/,../DAT/,0)
wolf: /share/home/yumeixia/software/DaliLite.v5/bin/serialcompare ../DAT/ ../DAT/ WOLF > /dev/null ; cat fort.1[0-9][0-9] > wolf_output ; rm fort.1[0-9][0-9] ; /share/home/yumeixia/software/DaliLite.v5/bin/serialcompare ../DAT/ ../DAT/ DP < wolf_output > /dev/null ; cat fort.1[0-9][0-9] | perl /share/home/yumeixia/software/DaliLite.v5/bin/dccp2dalicon.pl > dalicon_input ; rm -f fort.1[0-9][0-9] 
cat: 'fort.1[0-9][0-9]': No such file or directory
rm: cannot remove 'fort.1[0-9][0-9]': No such file or directory
cat: 'fort.1[0-9][0-9]': No such file or directory
# sub dalicon(dalicon_input,T,/share/home/yumeixia/software/DaliLite.v5/bin/serialcompare,../DAT/,../DAT/,0)
# /share/home/yumeixia/software/DaliLite.v5/bin/serialcompare ../DAT/ ../DAT/ DALICON T < dalicon_input > /dev/null
# cat fort.1[0-9][0-9] > dp_input ; rm fort.* ; /share/home/yumeixia/software/DaliLite.v5/bin/serialcompare ../DAT/ ../DAT/ DP < dp_input > /dev/null
cat: 'fort.1[0-9][0-9]': No such file or directory
rm: cannot remove 'fort.*': No such file or directory
rm -f fort.* ; /share/home/yumeixia/software/DaliLite.v5/bin/serialcompare ../DAT/ ../DAT/ PARSI > /dev/null
cat fort.1[0-9][0-9] > filter_input ; rm -f fort.*; /share/home/yumeixia/software/DaliLite.v5/bin/serialcompare ../DAT/ ../DAT/ FILTER95 < filter_input 
cat: 'fort.1[0-9][0-9]': No such file or directory
sort -nr fort.1[0-9][0-9] | uniq | perl /share/home/yumeixia/software/DaliLite.v5/bin/pipe96-free.pl 1.0 2 > dalicon_input ; rm -f fort.* 
sort: cannot read: 'fort.1[0-9][0-9]': No such file or directory
# sub dalicon(dalicon_input,T,/share/home/yumeixia/software/DaliLite.v5/bin/serialcompare,../DAT/,../DAT/,0)
# /share/home/yumeixia/software/DaliLite.v5/bin/serialcompare ../DAT/ ../DAT/ DALICON T < dalicon_input > /dev/null
# cat fort.1[0-9][0-9] > dp_input ; rm fort.* ; /share/home/yumeixia/software/DaliLite.v5/bin/serialcompare ../DAT/ ../DAT/ DP < dp_input > /dev/null
cat: 'fort.1[0-9][0-9]': No such file or directory
rm: cannot remove 'fort.*': No such file or directory
# sub wolf(WOLF,/share/home/yumeixia/software/DaliLite.v5/bin/serialcompare,../DAT/,../DAT/,2)
wolf: /share/home/yumeixia/software/DaliLite.v5/bin/serialcompare ../DAT/ ../DAT/ WOLF > /dev/null ; cat fort.1[0-9][0-9] > wolf_output ; rm fort.1[0-9][0-9] ; /share/home/yumeixia/software/DaliLite.v5/bin/serialcompare ../DAT/ ../DAT/ DP < wolf_output > /dev/null ; cat fort.1[0-9][0-9] | perl /share/home/yumeixia/software/DaliLite.v5/bin/dccp2dalicon.pl > dalicon_input ; rm -f fort.1[0-9][0-9] 
cat: 'fort.1[0-9][0-9]': No such file or directory
rm: cannot remove 'fort.1[0-9][0-9]': No such file or directory
cat: 'fort.1[0-9][0-9]': No such file or directory
# sub dalicon(dalicon_input,T,/share/home/yumeixia/software/DaliLite.v5/bin/serialcompare,../DAT/,../DAT/,2)
# /share/home/yumeixia/software/DaliLite.v5/bin/serialcompare ../DAT/ ../DAT/ DALICON T < dalicon_input > /dev/null
# cat fort.1[0-9][0-9] > dp_input ; rm fort.* ; /share/home/yumeixia/software/DaliLite.v5/bin/serialcompare ../DAT/ ../DAT/ DP < dp_input > /dev/null
cat: 'fort.1[0-9][0-9]': No such file or directory
rm: cannot remove 'fort.*': No such file or directory
rm -f fort.* ; /share/home/yumeixia/software/DaliLite.v5/bin/serialcompare ../DAT/ ../DAT/ PARSI > /dev/null
cat fort.1[0-9][0-9] > filter_input ; rm -f fort.*; /share/home/yumeixia/software/DaliLite.v5/bin/serialcompare ../DAT/ ../DAT/ FILTER95 < filter_input 
cat: 'fort.1[0-9][0-9]': No such file or directory
sort -nr fort.1[0-9][0-9] | uniq | perl /share/home/yumeixia/software/DaliLite.v5/bin/pipe96-free.pl 1.0 2 > dalicon_input ; rm -f fort.* 
sort: cannot read: 'fort.1[0-9][0-9]': No such file or directory
# sub dalicon(dalicon_input,T,/share/home/yumeixia/software/DaliLite.v5/bin/serialcompare,../DAT/,../DAT/,2)
# /share/home/yumeixia/software/DaliLite.v5/bin/serialcompare ../DAT/ ../DAT/ DALICON T < dalicon_input > /dev/null
# cat fort.1[0-9][0-9] > dp_input ; rm fort.* ; /share/home/yumeixia/software/DaliLite.v5/bin/serialcompare ../DAT/ ../DAT/ DP < dp_input > /dev/null
cat: 'fort.1[0-9][0-9]': No such file or directory
rm: cannot remove 'fort.*': No such file or directory
# 5oheA generate_FSSP
perl /share/home/yumeixia/software/DaliLite.v5/bin/sortdccp.pl < 5oheA.dccp | perl /share/home/yumeixia/software/DaliLite.v5/bin/fsspfilter.pl 5oheA 2 1 1 | /share/home/yumeixia/software/DaliLite.v5/bin/fssp 5oheA 1 ../DAT/ ../DAT/ | perl /share/home/yumeixia/software/DaliLite.v5/bin/fsspselect.pl pdb.list 2 1 | perl /share/home/yumeixia/software/DaliLite.v5/bin/htmljs.pl ../DAT/ ../DAT/ test "hierarchical" "summary"  > 5oheA.html 2> 5oheA.txt
