

Building a new DB, current time: 08/18/2024 02:44:46
New DB name:   /home/luholm/DaliLite.v5/test/pdb.blast
New DB title:  pdb.fasta
Sequence type: Protein
Keep MBits: T
Maximum file size: 1000000000B
Adding sequences from FASTA; added 10 sequences in 0.00128818 seconds.
