./test.csh: line 29: makeblastdb: command not found
