# self zscoresum is      171.4
# wolf/soap zscoresum is      254.6
# parsi zscoresum is      365.0
# triplet	101mA	1a87A	1allA	6.4	7.4	9.0	7.4
# triplet	1a00A	1a87A	1allA	5.6	7.4	8.7	7.4
# triplet F 1 zscoresum is      365.0
# triplet T 2 zscoresum is      365.0
