A length: 36
# 1 chains A

 CHAIN A
  PUU: Parser for Protein Unfolding Units 
  Ref: L. Holm, C. Sander, Proteins 19:256-268, 1994
  Ver: 2.1 (February 2016)                                         
  Dimensioned for        17000  residues.
  
  read defaults from puu.default                                                                     
 lhetatm              reset from puu.default
 printdepth           reset from puu.default
 lsplit               reset from puu.default
  current parameters:
 dssplist            NONE                                    
 pdblist             NONE                                    
 breakdist              5.00000000    
 minseglen                     10
 hbond                  15.0000000    
 compact                80.0000000    
 taucutoff              2.59999990    
 seed                  1234567811
 treefilename        units.puu                               
 prettyfilename      domains.puu                             
 lhetatm              T
 lsplit               T
 printdepth                   -99
 subunitfilename     subunits.puu                            
  

Total number of residues read in:             36
Total number of atoms read in:               302
Total number of ignored atom records:          1
 HEADER    PANCREATIC HORMONE                      16-JAN-81   1PPT              
 COMPND    MOL_ID: 1;                                                            
 SOURCE    MOL_ID: 1;                                                            
 AUTHOR    T.L.BLUNDELL,J.E.PITTS,I.J.TICKLE,S.P.WOOD                            
  Reading DSSP file
 HEADER    PANCREATIC HORMONE                      16-JAN-81   1PPT              COMPND   2 MOLECULE: AVIAN PANCREATIC POLYPEPTIDE;                              SOURCE   2 ORGANISM_SCIENTIFIC: MELEAGRIS GALLOPAVO;                            AUTHOR    T.L.BLUNDELL,J.E.PITTS,I.J.TICKLE,S.P.WOOD                            
           0  residues read 
 WARNING: PDB-DSSP discrepancy          36           0
 # This is dostack           1
 #popped           1           0
 #selectset contacts         283
 selectset done           0
 eigen done           0
 tau           1   1.16386247              23
 #popped           2           0
 #selectset contacts         283
 selectset done           0
 eigen done           0
 tau           3   1.02736115              10
 dostack done
 findstrucdoms done
 pret2 done
 readnexttree returned            0
 HEADER    PANCREATIC HORMONE                      16-JAN-81   1PPT              COMPND   2 MOLECULE: AVIAN PANCREATIC POLYPEPTIDE;                              SOURCE   2 ORGANISM_SCIENTIFIC: MELEAGRIS GALLOPAVO;                            AUTHOR    T.L.BLUNDELL,J.E.PITTS,I.J.TICKLE,S.P.WOOD                            
           0
           0
           0  residues read mol1.dssp                                                   
 build parent ranges
 delete empty nodes
 rebuild parent from children
   1 =   0  0  0  0  0

 CHAIN : mol1A

A length: 36
# 1 chains A

 CHAIN A
  PUU: Parser for Protein Unfolding Units 
  Ref: L. Holm, C. Sander, Proteins 19:256-268, 1994
  Ver: 2.1 (February 2016)                                         
  Dimensioned for        17000  residues.
  
  read defaults from puu.default                                                                     
 lhetatm              reset from puu.default
 printdepth           reset from puu.default
 lsplit               reset from puu.default
  current parameters:
 dssplist            NONE                                    
 pdblist             NONE                                    
 breakdist              5.00000000    
 minseglen                     10
 hbond                  15.0000000    
 compact                80.0000000    
 taucutoff              2.59999990    
 seed                  1234567811
 treefilename        units.puu                               
 prettyfilename      domains.puu                             
 lhetatm              T
 lsplit               T
 printdepth                   -99
 subunitfilename     subunits.puu                            
  

Total number of residues read in:             36
Total number of atoms read in:               312
Total number of ignored atom records:        270
 HEADER    PANCREATIC HORMONE                      10-MAR-92   1BBA              
 COMPND    MOL_ID: 1;                                                            
 SOURCE    MOL_ID: 1;                                                            
 AUTHOR    X.LI,M.J.SUTCLIFFE,T.W.SCHWARTZ,C.M.DOBSON                            
  Reading DSSP file
 HEADER    PANCREATIC HORMONE                      10-MAR-92   1BBA              COMPND   2 MOLECULE: BOVINE PANCREATIC POLYPEPTIDE;                             SOURCE   2 ORGANISM_SCIENTIFIC: BOS TAURUS;                                     AUTHOR    X.LI,M.J.SUTCLIFFE,T.W.SCHWARTZ,C.M.DOBSON                            
           0  residues read 
 WARNING: PDB-DSSP discrepancy          36           0
 # This is dostack           1
 #popped           1           0
 #selectset contacts         244
 selectset done           0
 eigen done           0
 tau           1   1.23193944              21
 #popped           2           0
 #selectset contacts         244
 selectset done           0
 eigen done           0
 tau           3   0.00000000    
 dostack done
 findstrucdoms done
 pret2 done
 readnexttree returned            0
 HEADER    PANCREATIC HORMONE                      10-MAR-92   1BBA              COMPND   2 MOLECULE: BOVINE PANCREATIC POLYPEPTIDE;                             SOURCE   2 ORGANISM_SCIENTIFIC: BOS TAURUS;                                     AUTHOR    X.LI,M.J.SUTCLIFFE,T.W.SCHWARTZ,C.M.DOBSON                            
           0
           0
           0  residues read mol2.dssp                                                   
 build parent ranges
 delete empty nodes
 rebuild parent from children
   1 =   0  0  0  0  0

 CHAIN : mol2A

