Detected compressed file
/home/luholm/DaliLite.v5/bin/dsspcmbi 33053.tmp mol1.dssp
 !!! Residue TYR   36 A has  9 instead of expected   8 sidechain atoms.
     last sidechain atom name is  OXT
     calculated solvent accessibility includes extra atoms !!!

Detected compressed file
/home/luholm/DaliLite.v5/bin/dsspcmbi 33053.tmp mol2.dssp
 !!! Residue LEU    3 A has 10 instead of expected   4 sidechain atoms.
     last sidechain atom name is HD23
     calculated solvent accessibility includes extra atoms !!!

 !!! Residue ASN   11 A has  6 instead of expected   4 sidechain atoms.
     last sidechain atom name is HD22
     calculated solvent accessibility includes extra atoms !!!

 !!! Residue THR   13 A has  6 instead of expected   3 sidechain atoms.
     last sidechain atom name is HG23
     calculated solvent accessibility includes extra atoms !!!

 !!! Residue GLN   16 A has  7 instead of expected   5 sidechain atoms.
     last sidechain atom name is HE22
     calculated solvent accessibility includes extra atoms !!!

 !!! Residue GLN   19 A has  7 instead of expected   5 sidechain atoms.
     last sidechain atom name is HE22
     calculated solvent accessibility includes extra atoms !!!

 !!! Residue LEU   24 A has 10 instead of expected   4 sidechain atoms.
     last sidechain atom name is HD23
     calculated solvent accessibility includes extra atoms !!!

 !!! Residue ARG   25 A has 11 instead of expected   7 sidechain atoms.
     last sidechain atom name is HH22
     calculated solvent accessibility includes extra atoms !!!

 !!! Residue ARG   26 A has 11 instead of expected   7 sidechain atoms.
     last sidechain atom name is HH22
     calculated solvent accessibility includes extra atoms !!!

 !!! Residue ILE   28 A has 12 instead of expected   4 sidechain atoms.
     last sidechain atom name is HD13
     calculated solvent accessibility includes extra atoms !!!

 !!! Residue ASN   29 A has  6 instead of expected   4 sidechain atoms.
     last sidechain atom name is HD22
     calculated solvent accessibility includes extra atoms !!!

 !!! Residue LEU   31 A has 10 instead of expected   4 sidechain atoms.
     last sidechain atom name is HD23
     calculated solvent accessibility includes extra atoms !!!

 !!! Residue THR   32 A has  6 instead of expected   3 sidechain atoms.
     last sidechain atom name is HG23
     calculated solvent accessibility includes extra atoms !!!

 !!! Residue ARG   33 A has 11 instead of expected   7 sidechain atoms.
     last sidechain atom name is HH22
     calculated solvent accessibility includes extra atoms !!!

 !!! Residue ARG   35 A has 11 instead of expected   7 sidechain atoms.
     last sidechain atom name is HH22
     calculated solvent accessibility includes extra atoms !!!

 !!! Residue TYR   36 A has  9 instead of expected   8 sidechain atoms.
     last sidechain atom name is  OXT
     calculated solvent accessibility includes extra atoms !!!

 !!!          229 hydrogen or deuterium atoms were ignored
     in the calculation of side chain solvent 
     accessibility !!!
# sub wolf(SOAP,/home/luholm/DaliLite.v5/bin/serialcompare,./,./,0)
wolf: /home/luholm/DaliLite.v5/bin/serialcompare ./ ./ SOAP > /dev/null ; cat fort.1[0-9][0-9] > wolf_output ; rm fort.1[0-9][0-9] ; /home/luholm/DaliLite.v5/bin/serialcompare ./ ./ DP < wolf_output > /dev/null ; cat fort.1[0-9][0-9] | perl /home/luholm/DaliLite.v5/bin/dccp2dalicon.pl > dalicon_input ; rm -f fort.1[0-9][0-9] 
# sub dalicon(dalicon_input,T,/home/luholm/DaliLite.v5/bin/serialcompare,./,./,0)
# /home/luholm/DaliLite.v5/bin/serialcompare ./ ./ DALICON T < dalicon_input > /dev/null
# cat fort.1[0-9][0-9] > dp_input ; rm fort.* ; /home/luholm/DaliLite.v5/bin/serialcompare ./ ./ DP < dp_input > /dev/null
# mol1A generate_FSSP
perl /home/luholm/DaliLite.v5/bin/sortdccp.pl < mol1A.dccp | perl /home/luholm/DaliLite.v5/bin/fsspfilter.pl mol1A 2 1 1 | /home/luholm/DaliLite.v5/bin/fssp mol1A 1 ./ ./ | perl /home/luholm/DaliLite.v5/bin/fsspselect.pl input2.list 2 1 | perl /home/luholm/DaliLite.v5/bin/htmljs.pl ./ ./ test "test" "summary,alignments"  > mol1A.html 2> mol1A.txt
